{"features":[{    
                        "type": "Feature",
                         "properties": {
                          "title": "4509 Belair Rd Baltimore MD",
                          "description": "0"
                        },
                        "geometry": {
                            "coordinates": [-76.56207, 39.330541],
                            "type": "Point"
                        }
                    },{    
                        "type": "Feature",
                         "properties": {
                          "title": "1919 Fleet St Baltimore MD",
                          "description": "1"
                        },
                        "geometry": {
                            "coordinates": [-76.589413, 39.28455],
                            "type": "Point"
                        }
                    },{    
                        "type": "Feature",
                         "properties": {
                          "title": "2844 Hudson St Baltimore MD",
                          "description": "2"
                        },
                        "geometry": {
                            "coordinates": [-76.575696, 39.282382],
                            "type": "Point"
                        }
                    },{    
                        "type": "Feature",
                         "properties": {
                          "title": "3998 Roland Ave Baltimore MD",
                          "description": "3"
                        },
                        "geometry": {
                            "coordinates": [-76.633252, 39.337118],
                            "type": "Point"
                        }
                    },{    
                        "type": "Feature",
                         "properties": {
                          "title": "2481 Frederick Ave Baltimore MD",
                          "description": "4"
                        },
                        "geometry": {
                            "coordinates": [-76.655543, 39.283385],
                            "type": "Point"
                        }
                    },{    
                        "type": "Feature",
                         "properties": {
                          "title": "2722 Harford Rd Baltimore MD",
                          "description": "5"
                        },
                        "geometry": {
                            "coordinates": [-76.591279, 39.32083],
                            "type": "Point"
                        }
                    },{    
                        "type": "Feature",
                         "properties": {
                          "title": "2510 McElderry St Baltimore MD",
                          "description": "6"
                        },
                        "geometry": {
                            "coordinates": [-76.581422, 39.297947],
                            "type": "Point"
                        }
                    },{    
                        "type": "Feature",
                         "properties": {
                          "title": "2701 Miles Ave Baltimore MD",
                          "description": "7"
                        },
                        "geometry": {
                            "coordinates": [-76.622554, 39.319683],
                            "type": "Point"
                        }
                    },{    
                        "type": "Feature",
                         "properties": {
                          "title": "2518 E Monument St Baltimore MD",
                          "description": "8"
                        },
                        "geometry": {
                            "coordinates": [-76.581704, 39.299052],
                            "type": "Point"
                        }
                    },{    
                        "type": "Feature",
                         "properties": {
                          "title": "300 S Ann St Baltimore MD",
                          "description": "9"
                        },
                        "geometry": {
                            "coordinates": [-76.591721, 39.287585],
                            "type": "Point"
                        }
                    },{    
                        "type": "Feature",
                         "properties": {
                          "title": "1600 Hazel St Baltimore MD",
                          "description": "10"
                        },
                        "geometry": {
                            "coordinates": [-76.588409, 39.226249],
                            "type": "Point"
                        }
                    },{    
                        "type": "Feature",
                         "properties": {
                          "title": "5302 Reisterstown Rd Baltimore MD",
                          "description": "11"
                        },
                        "geometry": {
                            "coordinates": [-76.686855, 39.345115],
                            "type": "Point"
                        }
                    },{    
                        "type": "Feature",
                         "properties": {
                          "title": " Baltimore MD",
                          "description": "12"
                        },
                        "geometry": {
                            "coordinates": [-76.612333, 39.290443],
                            "type": "Point"
                        }
                    },{    
                        "type": "Feature",
                         "properties": {
                          "title": "5625 O'Donnell St Baltimore MD",
                          "description": "13"
                        },
                        "geometry": {
                            "coordinates": [-76.547398, 39.281135],
                            "type": "Point"
                        }
                    },{    
                        "type": "Feature",
                         "properties": {
                          "title": "[3601 - 3715] Baltimore St Baltimore MD",
                          "description": "14"
                        },
                        "geometry": {
                            "coordinates": [-76.630835, 39.242273],
                            "type": "Point"
                        }
                    },{    
                        "type": "Feature",
                         "properties": {
                          "title": " Baltimore MD",
                          "description": "15"
                        },
                        "geometry": {
                            "coordinates": [-76.612333, 39.290443],
                            "type": "Point"
                        }
                    },{    
                        "type": "Feature",
                         "properties": {
                          "title": "2003 E Monument St Baltimore MD",
                          "description": "16"
                        },
                        "geometry": {
                            "coordinates": [-76.589304, 39.298389],
                            "type": "Point"
                        }
                    },{    
                        "type": "Feature",
                         "properties": {
                          "title": "4718 Eastern Ave Baltimore MD",
                          "description": "17"
                        },
                        "geometry": {
                            "coordinates": [-76.556004, 39.287261],
                            "type": "Point"
                        }
                    },{    
                        "type": "Feature",
                         "properties": {
                          "title": "818 S Broadway Baltimore MD",
                          "description": "18"
                        },
                        "geometry": {
                            "coordinates": [-76.59365, 39.281805],
                            "type": "Point"
                        }
                    },{    
                        "type": "Feature",
                         "properties": {
                          "title": "2522 Washington Blvd Baltimore MD",
                          "description": "19"
                        },
                        "geometry": {
                            "coordinates": [-76.652983, 39.266499],
                            "type": "Point"
                        }
                    },{    
                        "type": "Feature",
                         "properties": {
                          "title": "6500 Riverview Ave Baltimore MD",
                          "description": "20"
                        },
                        "geometry": {
                            "coordinates": [-76.531408, 39.257658],
                            "type": "Point"
                        }
                    },{    
                        "type": "Feature",
                         "properties": {
                          "title": "[211 - 299] Charles St Baltimore MD",
                          "description": "21"
                        },
                        "geometry": {
                            "coordinates": [-76.611019, 39.230501],
                            "type": "Point"
                        }
                    },{    
                        "type": "Feature",
                         "properties": {
                          "title": "2407 Frederick Ave Baltimore MD",
                          "description": "22"
                        },
                        "geometry": {
                            "coordinates": [-76.655295, 39.282714],
                            "type": "Point"
                        }
                    },{    
                        "type": "Feature",
                         "properties": {
                          "title": "306 S High St Baltimore MD",
                          "description": "23"
                        },
                        "geometry": {
                            "coordinates": [-76.601875, 39.285983],
                            "type": "Point"
                        }
                    },{    
                        "type": "Feature",
                         "properties": {
                          "title": "1939 Fleet St Baltimore MD",
                          "description": "24"
                        },
                        "geometry": {
                            "coordinates": [-76.588862, 39.284573],
                            "type": "Point"
                        }
                    },{    
                        "type": "Feature",
                         "properties": {
                          "title": "710 S Broadway Baltimore MD",
                          "description": "25"
                        },
                        "geometry": {
                            "coordinates": [-76.593695, 39.283155],
                            "type": "Point"
                        }
                    },{    
                        "type": "Feature",
                         "properties": {
                          "title": "2401 Liberty Heights Ave Baltimore MD",
                          "description": "26"
                        },
                        "geometry": {
                            "coordinates": [-76.654024, 39.318511],
                            "type": "Point"
                        }
                    },{    
                        "type": "Feature",
                         "properties": {
                          "title": "2105 Frederick Ave Baltimore MD",
                          "description": "27"
                        },
                        "geometry": {
                            "coordinates": [-76.650112, 39.28553],
                            "type": "Point"
                        }
                    },{    
                        "type": "Feature",
                         "properties": {
                          "title": "206 E Redwood St Baltimore MD",
                          "description": "28"
                        },
                        "geometry": {
                            "coordinates": [-76.611498, 39.289108],
                            "type": "Point"
                        }
                    },{    
                        "type": "Feature",
                         "properties": {
                          "title": "2809 Boston St Baltimore MD",
                          "description": "29"
                        },
                        "geometry": {
                            "coordinates": [-76.575867, 39.278086],
                            "type": "Point"
                        }
                    },{    
                        "type": "Feature",
                         "properties": {
                          "title": "1038 Light St Baltimore MD",
                          "description": "30"
                        },
                        "geometry": {
                            "coordinates": [-76.61265, 39.277391],
                            "type": "Point"
                        }
                    },{    
                        "type": "Feature",
                         "properties": {
                          "title": "3820 E Pratt St Baltimore MD",
                          "description": "31"
                        },
                        "geometry": {
                            "coordinates": [-76.564633, 39.290551],
                            "type": "Point"
                        }
                    },{    
                        "type": "Feature",
                         "properties": {
                          "title": "[3601 - 3715] Baltimore St Baltimore MD",
                          "description": "32"
                        },
                        "geometry": {
                            "coordinates": [-76.630835, 39.242273],
                            "type": "Point"
                        }
                    },{    
                        "type": "Feature",
                         "properties": {
                          "title": "[3601 - 3715] Baltimore St Baltimore MD",
                          "description": "33"
                        },
                        "geometry": {
                            "coordinates": [-76.630835, 39.242273],
                            "type": "Point"
                        }
                    },{    
                        "type": "Feature",
                         "properties": {
                          "title": "5860 Belair Rd Baltimore MD",
                          "description": "34"
                        },
                        "geometry": {
                            "coordinates": [-76.542166, 39.345006],
                            "type": "Point"
                        }
                    },{    
                        "type": "Feature",
                         "properties": {
                          "title": "1747 Belt St Baltimore MD",
                          "description": "35"
                        },
                        "geometry": {
                            "coordinates": [-76.605457, 39.269896],
                            "type": "Point"
                        }
                    },{    
                        "type": "Feature",
                         "properties": {
                          "title": "[1200 - 1398] Northern Pkwy Baltimore MD",
                          "description": "36"
                        },
                        "geometry": {
                            "coordinates": [-76.646958, 39.360308],
                            "type": "Point"
                        }
                    },{    
                        "type": "Feature",
                         "properties": {
                          "title": "5523 Belair Rd Baltimore MD",
                          "description": "37"
                        },
                        "geometry": {
                            "coordinates": [-76.548551, 39.340029],
                            "type": "Point"
                        }
                    },{    
                        "type": "Feature",
                         "properties": {
                          "title": "[1301 - 1399] North Ave Baltimore MD",
                          "description": "38"
                        },
                        "geometry": {
                            "coordinates": [-76.692825, 39.25128],
                            "type": "Point"
                        }
                    },{    
                        "type": "Feature",
                         "properties": {
                          "title": "734 S Broadway Baltimore MD",
                          "description": "39"
                        },
                        "geometry": {
                            "coordinates": [-76.593679, 39.282623],
                            "type": "Point"
                        }
                    },{    
                        "type": "Feature",
                         "properties": {
                          "title": "3105 Saint Paul St Baltimore MD",
                          "description": "40"
                        },
                        "geometry": {
                            "coordinates": [-76.615686, 39.326046],
                            "type": "Point"
                        }
                    },{    
                        "type": "Feature",
                         "properties": {
                          "title": "5625 O'Donnell St Baltimore MD",
                          "description": "41"
                        },
                        "geometry": {
                            "coordinates": [-76.547398, 39.281135],
                            "type": "Point"
                        }
                    },{    
                        "type": "Feature",
                         "properties": {
                          "title": "[3600 - 3714] Baltimore St Baltimore MD",
                          "description": "42"
                        },
                        "geometry": {
                            "coordinates": [-76.631226, 39.242188],
                            "type": "Point"
                        }
                    },{    
                        "type": "Feature",
                         "properties": {
                          "title": "5713 Harford Rd Baltimore MD",
                          "description": "43"
                        },
                        "geometry": {
                            "coordinates": [-76.559226, 39.354525],
                            "type": "Point"
                        }
                    },{    
                        "type": "Feature",
                         "properties": {
                          "title": "301 Light St Baltimore MD",
                          "description": "44"
                        },
                        "geometry": {
                            "coordinates": [-76.612889, 39.285071],
                            "type": "Point"
                        }
                    },{    
                        "type": "Feature",
                         "properties": {
                          "title": "300 Oldham St Baltimore MD",
                          "description": "45"
                        },
                        "geometry": {
                            "coordinates": [-76.55614, 39.288965],
                            "type": "Point"
                        }
                    },{    
                        "type": "Feature",
                         "properties": {
                          "title": "1000 E Lombard St Baltimore MD",
                          "description": "46"
                        },
                        "geometry": {
                            "coordinates": [-76.602328, 39.28942],
                            "type": "Point"
                        }
                    },{    
                        "type": "Feature",
                         "properties": {
                          "title": "6701 Holabird Ave Baltimore MD",
                          "description": "47"
                        },
                        "geometry": {
                            "coordinates": [-76.530457, 39.272413],
                            "type": "Point"
                        }
                    },{    
                        "type": "Feature",
                         "properties": {
                          "title": "1741 Light St Baltimore MD",
                          "description": "48"
                        },
                        "geometry": {
                            "coordinates": [-76.611573, 39.269658],
                            "type": "Point"
                        }
                    },{    
                        "type": "Feature",
                         "properties": {
                          "title": "205 W Madison St Baltimore MD",
                          "description": "49"
                        },
                        "geometry": {
                            "coordinates": [-76.618908, 39.298297],
                            "type": "Point"
                        }
                    },{    
                        "type": "Feature",
                         "properties": {
                          "title": "641 S Montford Ave Baltimore MD",
                          "description": "50"
                        },
                        "geometry": {
                            "coordinates": [-76.582557, 39.284096],
                            "type": "Point"
                        }
                    },{    
                        "type": "Feature",
                         "properties": {
                          "title": "1712 Aliceanna St Baltimore MD",
                          "description": "51"
                        },
                        "geometry": {
                            "coordinates": [-76.592576, 39.283746],
                            "type": "Point"
                        }
                    },{    
                        "type": "Feature",
                         "properties": {
                          "title": "4700 Mount Hope Dr Baltimore MD",
                          "description": "52"
                        },
                        "geometry": {
                            "coordinates": [-76.706223, 39.34738],
                            "type": "Point"
                        }
                    },{    
                        "type": "Feature",
                         "properties": {
                          "title": "3725 Malden Ave Baltimore MD",
                          "description": "53"
                        },
                        "geometry": {
                            "coordinates": [-76.651065, 39.334628],
                            "type": "Point"
                        }
                    },{    
                        "type": "Feature",
                         "properties": {
                          "title": "3915 S Hanover St Baltimore MD",
                          "description": "54"
                        },
                        "geometry": {
                            "coordinates": [-76.611112, 39.234932],
                            "type": "Point"
                        }
                    },{    
                        "type": "Feature",
                         "properties": {
                          "title": "704 S Broadway Baltimore MD",
                          "description": "55"
                        },
                        "geometry": {
                            "coordinates": [-76.593696, 39.283284],
                            "type": "Point"
                        }
                    },{    
                        "type": "Feature",
                         "properties": {
                          "title": "2501 Fleet St Baltimore MD",
                          "description": "56"
                        },
                        "geometry": {
                            "coordinates": [-76.581197, 39.284871],
                            "type": "Point"
                        }
                    },{    
                        "type": "Feature",
                         "properties": {
                          "title": "5621 Belair Rd Baltimore MD",
                          "description": "57"
                        },
                        "geometry": {
                            "coordinates": [-76.547241, 39.340876],
                            "type": "Point"
                        }
                    },{    
                        "type": "Feature",
                         "properties": {
                          "title": "1120 E Fort Ave Baltimore MD",
                          "description": "58"
                        },
                        "geometry": {
                            "coordinates": [-76.598173, 39.270767],
                            "type": "Point"
                        }
                    },{    
                        "type": "Feature",
                         "properties": {
                          "title": "[601 - 699] Spring Ln, COLD Baltimore MD",
                          "description": "59"
                        },
                        "geometry": {
                            "coordinates": [-76.442261, 39.286087],
                            "type": "Point"
                        }
                    },{    
                        "type": "Feature",
                         "properties": {
                          "title": "3811 Canterbury Rd Baltimore MD",
                          "description": "60"
                        },
                        "geometry": {
                            "coordinates": [-76.620185, 39.335374],
                            "type": "Point"
                        }
                    },{    
                        "type": "Feature",
                         "properties": {
                          "title": "1810 Cherry Hill Rd Baltimore MD",
                          "description": "61"
                        },
                        "geometry": {
                            "coordinates": [-76.632748, 39.257278],
                            "type": "Point"
                        }
                    },{    
                        "type": "Feature",
                         "properties": {
                          "title": "901 W Pratt St Baltimore MD",
                          "description": "62"
                        },
                        "geometry": {
                            "coordinates": [-76.632849, 39.285655],
                            "type": "Point"
                        }
                    },{    
                        "type": "Feature",
                         "properties": {
                          "title": "1502 Madison Ave Baltimore MD",
                          "description": "63"
                        },
                        "geometry": {
                            "coordinates": [-76.629338, 39.304757],
                            "type": "Point"
                        }
                    },{    
                        "type": "Feature",
                         "properties": {
                          "title": "1527 Cherry St Baltimore MD",
                          "description": "64"
                        },
                        "geometry": {
                            "coordinates": [-76.588685, 39.222024],
                            "type": "Point"
                        }
                    },{    
                        "type": "Feature",
                         "properties": {
                          "title": "506 E Fort Ave Baltimore MD",
                          "description": "65"
                        },
                        "geometry": {
                            "coordinates": [-76.60638, 39.273109],
                            "type": "Point"
                        }
                    },{    
                        "type": "Feature",
                         "properties": {
                          "title": "400 S Eaton St Baltimore MD",
                          "description": "66"
                        },
                        "geometry": {
                            "coordinates": [-76.565555, 39.287597],
                            "type": "Point"
                        }
                    },{    
                        "type": "Feature",
                         "properties": {
                          "title": "7135 Harford Rd Baltimore MD",
                          "description": "67"
                        },
                        "geometry": {
                            "coordinates": [-76.547644, 39.367927],
                            "type": "Point"
                        }
                    },{    
                        "type": "Feature",
                         "properties": {
                          "title": "3600 Keswick Rd Baltimore MD",
                          "description": "68"
                        },
                        "geometry": {
                            "coordinates": [-76.628232, 39.33141],
                            "type": "Point"
                        }
                    },{    
                        "type": "Feature",
                         "properties": {
                          "title": "10 Market Pl Baltimore MD",
                          "description": "69"
                        },
                        "geometry": {
                            "coordinates": [-76.52427, 39.258666],
                            "type": "Point"
                        }
                    },{    
                        "type": "Feature",
                         "properties": {
                          "title": "5805 O'Donnell St Baltimore MD",
                          "description": "70"
                        },
                        "geometry": {
                            "coordinates": [-76.545546, 39.281242],
                            "type": "Point"
                        }
                    },{    
                        "type": "Feature",
                         "properties": {
                          "title": "601 S Clinton St Baltimore MD",
                          "description": "71"
                        },
                        "geometry": {
                            "coordinates": [-76.569672, 39.285371],
                            "type": "Point"
                        }
                    },{    
                        "type": "Feature",
                         "properties": {
                          "title": "631 W Lexington St Baltimore MD",
                          "description": "72"
                        },
                        "geometry": {
                            "coordinates": [-76.625393, 39.291134],
                            "type": "Point"
                        }
                    },{    
                        "type": "Feature",
                         "properties": {
                          "title": "6798 Reisterstown Rd Baltimore MD",
                          "description": "73"
                        },
                        "geometry": {
                            "coordinates": [-76.707088, 39.359028],
                            "type": "Point"
                        }
                    },{    
                        "type": "Feature",
                         "properties": {
                          "title": "300 Saint Paul Pl Baltimore MD",
                          "description": "74"
                        },
                        "geometry": {
                            "coordinates": [-76.614329, 39.292713],
                            "type": "Point"
                        }
                    },{    
                        "type": "Feature",
                         "properties": {
                          "title": "1101 Russell St Baltimore MD",
                          "description": "75"
                        },
                        "geometry": {
                            "coordinates": [-76.624216, 39.278303],
                            "type": "Point"
                        }
                    },{    
                        "type": "Feature",
                         "properties": {
                          "title": "1101 Russell St Baltimore MD",
                          "description": "76"
                        },
                        "geometry": {
                            "coordinates": [-76.624216, 39.278303],
                            "type": "Point"
                        }
                    },{    
                        "type": "Feature",
                         "properties": {
                          "title": "1101 Russell St Baltimore MD",
                          "description": "77"
                        },
                        "geometry": {
                            "coordinates": [-76.624216, 39.278303],
                            "type": "Point"
                        }
                    },{    
                        "type": "Feature",
                         "properties": {
                          "title": "1101 Russell St Baltimore MD",
                          "description": "78"
                        },
                        "geometry": {
                            "coordinates": [-76.624216, 39.278303],
                            "type": "Point"
                        }
                    },{    
                        "type": "Feature",
                         "properties": {
                          "title": "1101 Russell St Baltimore MD",
                          "description": "79"
                        },
                        "geometry": {
                            "coordinates": [-76.624216, 39.278303],
                            "type": "Point"
                        }
                    },{    
                        "type": "Feature",
                         "properties": {
                          "title": "1101 Russell St Baltimore MD",
                          "description": "80"
                        },
                        "geometry": {
                            "coordinates": [-76.624216, 39.278303],
                            "type": "Point"
                        }
                    },{    
                        "type": "Feature",
                         "properties": {
                          "title": "1101 Russell St Baltimore MD",
                          "description": "81"
                        },
                        "geometry": {
                            "coordinates": [-76.624216, 39.278303],
                            "type": "Point"
                        }
                    },{    
                        "type": "Feature",
                         "properties": {
                          "title": "1101 Russell St Baltimore MD",
                          "description": "82"
                        },
                        "geometry": {
                            "coordinates": [-76.624216, 39.278303],
                            "type": "Point"
                        }
                    },{    
                        "type": "Feature",
                         "properties": {
                          "title": "1101 Russell St Baltimore MD",
                          "description": "83"
                        },
                        "geometry": {
                            "coordinates": [-76.624216, 39.278303],
                            "type": "Point"
                        }
                    },{    
                        "type": "Feature",
                         "properties": {
                          "title": "[1 - 199] Hopkins Pl Baltimore MD",
                          "description": "84"
                        },
                        "geometry": {
                            "coordinates": [-76.617724, 39.288171],
                            "type": "Point"
                        }
                    },{    
                        "type": "Feature",
                         "properties": {
                          "title": "2 W Chase St Baltimore MD",
                          "description": "85"
                        },
                        "geometry": {
                            "coordinates": [-76.615992, 39.302584],
                            "type": "Point"
                        }
                    },{    
                        "type": "Feature",
                         "properties": {
                          "title": "2426 Pennsylvania Ave Baltimore MD",
                          "description": "86"
                        },
                        "geometry": {
                            "coordinates": [-76.642482, 39.309765],
                            "type": "Point"
                        }
                    },{    
                        "type": "Feature",
                         "properties": {
                          "title": "129 S Broadway Baltimore MD",
                          "description": "87"
                        },
                        "geometry": {
                            "coordinates": [-76.593415, 39.289473],
                            "type": "Point"
                        }
                    },{    
                        "type": "Feature",
                         "properties": {
                          "title": "25 S Broadway Baltimore MD",
                          "description": "88"
                        },
                        "geometry": {
                            "coordinates": [-76.593465, 39.290503],
                            "type": "Point"
                        }
                    },{    
                        "type": "Feature",
                         "properties": {
                          "title": "629 S Broadway Baltimore MD",
                          "description": "89"
                        },
                        "geometry": {
                            "coordinates": [-76.592972, 39.283832],
                            "type": "Point"
                        }
                    },{    
                        "type": "Feature",
                         "properties": {
                          "title": "916 W 36th St Baltimore MD",
                          "description": "90"
                        },
                        "geometry": {
                            "coordinates": [-76.632271, 39.331294],
                            "type": "Point"
                        }
                    },{    
                        "type": "Feature",
                         "properties": {
                          "title": "529 E Belvedere Ave Baltimore MD",
                          "description": "91"
                        },
                        "geometry": {
                            "coordinates": [-76.60853, 39.363969],
                            "type": "Point"
                        }
                    },{    
                        "type": "Feature",
                         "properties": {
                          "title": "1 South St Baltimore MD",
                          "description": "92"
                        },
                        "geometry": {
                            "coordinates": [-76.610795, 39.289312],
                            "type": "Point"
                        }
                    },{    
                        "type": "Feature",
                         "properties": {
                          "title": "2400 Boston St Baltimore MD",
                          "description": "93"
                        },
                        "geometry": {
                            "coordinates": [-76.582629, 39.28199],
                            "type": "Point"
                        }
                    },{    
                        "type": "Feature",
                         "properties": {
                          "title": "1238 Greenmount Ave Baltimore MD",
                          "description": "94"
                        },
                        "geometry": {
                            "coordinates": [-76.608386, 39.304694],
                            "type": "Point"
                        }
                    },{    
                        "type": "Feature",
                         "properties": {
                          "title": "4901 Eastern Ave Baltimore MD",
                          "description": "95"
                        },
                        "geometry": {
                            "coordinates": [-76.554723, 39.286974],
                            "type": "Point"
                        }
                    },{    
                        "type": "Feature",
                         "properties": {
                          "title": "1501 Bolton St Baltimore MD",
                          "description": "96"
                        },
                        "geometry": {
                            "coordinates": [-76.625914, 39.307151],
                            "type": "Point"
                        }
                    },{    
                        "type": "Feature",
                         "properties": {
                          "title": "2251 Wilkens Ave Baltimore MD",
                          "description": "97"
                        },
                        "geometry": {
                            "coordinates": [-76.651663, 39.280166],
                            "type": "Point"
                        }
                    },{    
                        "type": "Feature",
                         "properties": {
                          "title": "1301 W Pratt St Baltimore MD",
                          "description": "98"
                        },
                        "geometry": {
                            "coordinates": [-76.63813, 39.285393],
                            "type": "Point"
                        }
                    },{    
                        "type": "Feature",
                         "properties": {
                          "title": "301 N Payson St Baltimore MD",
                          "description": "99"
                        },
                        "geometry": {
                            "coordinates": [-76.648627, 39.292056],
                            "type": "Point"
                        }
                    },
                ],
                "type": "BaltimoreRestaurantCollection"
